Copyright 1986-2016 Xilinx, Inc. All Rights Reserved.
-----------------------------------------------------------------------------------------------------------------------
| Tool Version : Vivado v.2016.1 (lin64) Build 1538259 Fri Apr  8 15:45:23 MDT 2016
| Date         : Fri Feb 24 20:42:20 2017
| Host         : abhogi running 64-bit Ubuntu 14.04.5 LTS
| Command      : report_utilization -file Top_Acq_Track_utilization_placed.rpt -pb Top_Acq_Track_utilization_placed.pb
| Design       : Top_Acq_Track
| Device       : xcvu095ffva2104-2
| Design State : Fully Placed
-----------------------------------------------------------------------------------------------------------------------

Utilization Design Information

Table of Contents
-----------------
1. CLB Logic
1.1 Summary of Registers by Type
2. CLB Logic Distribution
3. BLOCKRAM
4. ARITHMETIC
5. I/O
6. CLOCK
7. ADVANCED
8. CONFIGURATION
9. Primitives
10. Black Boxes
11. Instantiated Netlists

1. CLB Logic
------------

+----------------------------+--------+-------+-----------+-------+
|          Site Type         |  Used  | Fixed | Available | Util% |
+----------------------------+--------+-------+-----------+-------+
| CLB LUTs                   | 121233 |     0 |    537600 | 22.55 |
|   LUT as Logic             | 119800 |     0 |    537600 | 22.28 |
|   LUT as Memory            |   1433 |     0 |     76800 |  1.87 |
|     LUT as Distributed RAM |     32 |     0 |           |       |
|     LUT as Shift Register  |   1401 |     0 |           |       |
| CLB Registers              |  65397 |     0 |   1075200 |  6.08 |
|   Register as Flip Flop    |  65397 |     0 |   1075200 |  6.08 |
|   Register as Latch        |      0 |     0 |   1075200 |  0.00 |
| CARRY8                     |  10999 |     0 |     67200 | 16.37 |
| F7 Muxes                   |   5654 |     0 |    268800 |  2.10 |
| F8 Muxes                   |    759 |     0 |    134400 |  0.56 |
| F9 Muxes                   |      0 |     0 |     67200 |  0.00 |
+----------------------------+--------+-------+-----------+-------+


1.1 Summary of Registers by Type
--------------------------------

+-------+--------------+-------------+--------------+
| Total | Clock Enable | Synchronous | Asynchronous |
+-------+--------------+-------------+--------------+
| 0     |            _ |           - |            - |
| 0     |            _ |           - |          Set |
| 0     |            _ |           - |        Reset |
| 0     |            _ |         Set |            - |
| 0     |            _ |       Reset |            - |
| 0     |          Yes |           - |            - |
| 33    |          Yes |           - |          Set |
| 237   |          Yes |           - |        Reset |
| 4210  |          Yes |         Set |            - |
| 60917 |          Yes |       Reset |            - |
+-------+--------------+-------------+--------------+


2. CLB Logic Distribution
-------------------------

+------------------------------------------+--------+-------+-----------+-------+
|                 Site Type                |  Used  | Fixed | Available | Util% |
+------------------------------------------+--------+-------+-----------+-------+
| CLB                                      |  19196 |     0 |     67200 | 28.57 |
|   CLBL                                   |  16569 |     0 |           |       |
|   CLBM                                   |   2627 |     0 |           |       |
| LUT as Logic                             | 119800 |     0 |    537600 | 22.28 |
|   using O5 output only                   |    374 |       |           |       |
|   using O6 output only                   |  94881 |       |           |       |
|   using O5 and O6                        |  24545 |       |           |       |
| LUT as Memory                            |   1433 |     0 |     76800 |  1.87 |
|   LUT as Distributed RAM                 |     32 |     0 |           |       |
|     using O5 output only                 |      0 |       |           |       |
|     using O6 output only                 |      0 |       |           |       |
|     using O5 and O6                      |     32 |       |           |       |
|   LUT as Shift Register                  |   1401 |     0 |           |       |
|     using O5 output only                 |      0 |       |           |       |
|     using O6 output only                 |    216 |       |           |       |
|     using O5 and O6                      |   1185 |       |           |       |
| LUT Flip Flop Pairs                      |  41649 |     0 |    537600 |  7.75 |
|   fully used LUT-FF pairs                |    533 |       |           |       |
|   LUT-FF pairs with one unused LUT       |  26611 |       |           |       |
|   LUT-FF pairs with one unused Flip Flop |  38582 |       |           |       |
| Unique Control Sets                      |    915 |       |           |       |
+------------------------------------------+--------+-------+-----------+-------+
* Note: Review the Control Sets Report for more information regarding control sets.


3. BLOCKRAM
-----------

+-------------------+------+-------+-----------+-------+
|     Site Type     | Used | Fixed | Available | Util% |
+-------------------+------+-------+-----------+-------+
| Block RAM Tile    |  201 |     0 |      1728 | 11.63 |
|   RAMB36/FIFO*    |   70 |     0 |      1728 |  4.05 |
|     RAMB36E2 only |   70 |       |           |       |
|   RAMB18          |  262 |     0 |      3456 |  7.58 |
|     RAMB18E2 only |  262 |       |           |       |
+-------------------+------+-------+-----------+-------+
* Note: Each Block RAM Tile only has one FIFO logic available and therefore can accommodate only one FIFO36E2 or one FIFO18E2. However, if a FIFO18E2 occupies a Block RAM Tile, that tile can still accommodate a RAMB18E2


4. ARITHMETIC
-------------

+-----------+------+-------+-----------+-------+
| Site Type | Used | Fixed | Available | Util% |
+-----------+------+-------+-----------+-------+
| DSPs      |    0 |     0 |       768 |  0.00 |
+-----------+------+-------+-----------+-------+


5. I/O
------

+------------------+------+-------+-----------+-------+
|     Site Type    | Used | Fixed | Available | Util% |
+------------------+------+-------+-----------+-------+
| Bonded IOB       |    4 |     4 |       832 |  0.48 |
| HPIOB            |    4 |     4 |       780 |  0.51 |
|   INPUT          |    3 |       |           |       |
|   OUTPUT         |    1 |       |           |       |
|   BIDIR          |    0 |       |           |       |
| HRIO             |    0 |     0 |        52 |  0.00 |
| HPIOBDIFFINBUF   |    1 |     1 |       360 |  0.28 |
|   DIFFINBUF      |    1 |     1 |           |       |
| HPIOBDIFFOUTBUF  |    0 |     0 |       360 |  0.00 |
| HRIODIFFINBUF    |    0 |     0 |        24 |  0.00 |
| HRIODIFFOUTBUF   |    0 |     0 |        24 |  0.00 |
| BITSLICE_CONTROL |    0 |     0 |       128 |  0.00 |
| BITSLICE_RX_TX   |    0 |     0 |       832 |  0.00 |
| BITSLICE_TX      |    0 |     0 |       128 |  0.00 |
| RIU_OR           |    0 |     0 |        64 |  0.00 |
+------------------+------+-------+-----------+-------+


6. CLOCK
--------

+----------------------+------+-------+-----------+-------+
|       Site Type      | Used | Fixed | Available | Util% |
+----------------------+------+-------+-----------+-------+
| GLOBAL CLOCK BUFFERs |    4 |     0 |       960 |  0.42 |
|   BUFGCE             |    4 |     0 |       384 |  1.04 |
|   BUFGCE_DIV         |    0 |     0 |        64 |  0.00 |
|   BUFG_GT            |    0 |     0 |       384 |  0.00 |
|   BUFGCTRL*          |    0 |     0 |       128 |  0.00 |
| PLLE3_ADV            |    0 |     0 |        32 |  0.00 |
| MMCME3_ADV           |    1 |     0 |        16 |  6.25 |
+----------------------+------+-------+-----------+-------+
* Note: Each used BUFGCTRL counts as two global buffer resources. This table does not include global clocking resources, only buffer cell usage. See the Clock Utilization Report (report_clock_utilization) for detailed accounting of global clocking resource availability.


7. ADVANCED
-----------

+-----------------+------+-------+-----------+-------+
|    Site Type    | Used | Fixed | Available | Util% |
+-----------------+------+-------+-----------+-------+
| CMAC            |    0 |     0 |         4 |  0.00 |
| GTHE3_CHANNEL   |    0 |     0 |        28 |  0.00 |
| GTHE3_COMMON    |    0 |     0 |         7 |  0.00 |
| GTYE3_CHANNEL   |    0 |     0 |        24 |  0.00 |
| GTYE3_COMMON    |    0 |     0 |         6 |  0.00 |
| IBUFDS_GTE3     |    0 |     0 |        26 |  0.00 |
| ILKN            |    0 |     0 |         6 |  0.00 |
| OBUFDS_GTE3     |    0 |     0 |        26 |  0.00 |
| OBUFDS_GTE3_ADV |    0 |     0 |        26 |  0.00 |
| PCIE_3_1        |    0 |     0 |         4 |  0.00 |
| SYSMONE1        |    0 |     0 |         1 |  0.00 |
+-----------------+------+-------+-----------+-------+


8. CONFIGURATION
----------------

+-------------+------+-------+-----------+-------+
|  Site Type  | Used | Fixed | Available | Util% |
+-------------+------+-------+-----------+-------+
| BSCANE2     |    1 |     0 |         4 | 25.00 |
| DNA_PORTE2  |    0 |     0 |         1 |  0.00 |
| EFUSE_USR   |    0 |     0 |         1 |  0.00 |
| FRAME_ECCE3 |    0 |     0 |         1 |  0.00 |
| ICAPE3      |    0 |     0 |         2 |  0.00 |
| STARTUPE3   |    0 |     0 |         1 |  0.00 |
+-------------+------+-------+-----------+-------+


9. Primitives
-------------

+------------+-------+---------------------+
|  Ref Name  |  Used | Functional Category |
+------------+-------+---------------------+
| FDRE       | 60917 |            Register |
| LUT3       | 39946 |                 CLB |
| LUT4       | 29983 |                 CLB |
| LUT6       | 27476 |                 CLB |
| LUT2       | 22409 |                 CLB |
| LUT1       | 13459 |                 CLB |
| LUT5       | 11072 |                 CLB |
| CARRY8     | 10999 |                 CLB |
| MUXF7      |  5654 |                 CLB |
| FDSE       |  4210 |            Register |
| SRL16E     |  1694 |                 CLB |
| SRLC32E    |   884 |                 CLB |
| MUXF8      |   759 |                 CLB |
| RAMB18E2   |   262 |           Block Ram |
| FDCE       |   237 |            Register |
| RAMB36E2   |    70 |           Block Ram |
| RAMD32     |    56 |                 CLB |
| FDPE       |    33 |            Register |
| SRLC16E    |     8 |                 CLB |
| RAMS32     |     8 |                 CLB |
| BUFGCE     |     4 |               Clock |
| IBUFCTRL   |     2 |              Others |
| OBUF       |     1 |                 I/O |
| MMCME3_ADV |     1 |               Clock |
| INBUF      |     1 |                 I/O |
| DIFFINBUF  |     1 |                 I/O |
| BSCANE2    |     1 |       Configuration |
+------------+-------+---------------------+


10. Black Boxes
---------------

+----------+------+
| Ref Name | Used |
+----------+------+


11. Instantiated Netlists
-------------------------

+------------+------+
|  Ref Name  | Used |
+------------+------+
| blk_mem_Q  |    2 |
| blk_mem_I  |    2 |
| ila_3      |    1 |
| ila_2      |    1 |
| ila_1      |    1 |
| ila_0      |    1 |
| dbg_hub_CV |    1 |
| clk_wiz_0  |    1 |
+------------+------+


